
> frontend@0.0.0 dev
> vite


  [32m[1mVITE[22m v8.3.0[39m  [2mready in [0m[1m589[22m[2m[0m ms[22m

  [32m➜[39m  [1mLocal[22m:   [36mhttp://localhost:[1m5173[22m/[39m
[2m  [32m➜[39m  [1mNetwork[22m[2m: use [22m[1m--host[22m[2m to expose[22m
[2m3:26:50 AM[22m [36m[1m[vite][22m[39m [90m[2m(client)[22m[39m [32mhmr update [39m[2m/src/features/auth/SignupPage.tsx, /src/features/profile/ProfilePage.tsx, /src/features/auth/LoginPage.tsx, /src/app/TopNav.tsx[22m
[2m3:26:51 AM[22m [36m[1m[vite][22m[39m [90m[2m(client)[22m[39m [optimizer] bundling dependencies...
[2m3:26:55 AM[22m [36m[1m[vite][22m[39m [90m[2m(client)[22m[39m [32mdependency optimized: [33m@radix-ui/react-tabs[32m[39m
[2m3:26:55 AM[22m [36m[1m[vite][22m[39m [90m[2m(client)[22m[39m [32moptimized dependencies changed. reloading[39m
[2m3:27:45 AM[22m [36m[1m[vite][22m[39m [90m[2m(client)[22m[39m [32mpage reload [39m[2msrc/app/router.tsx[22m
[2m3:27:47 AM[22m [36m[1m[vite][22m[39m [90m[2m(client)[22m[39m [optimizer] bundling dependencies...
[2m3:27:54 AM[22m [36m[1m[vite][22m[39m [90m[2m(client)[22m[39m [32mdependencies optimized: [33m@tanstack/react-table, date-fns[32m[39m
[2m3:27:54 AM[22m [36m[1m[vite][22m[39m [90m[2m(client)[22m[39m [32moptimized dependencies changed. reloading[39m
[2m3:27:55 AM[22m [36m[1m[vite][22m[39m [90m[2m(client)[22m[39m [32mpage reload [39m[2msrc/app/router.tsx[22m
[2m3:28:06 AM[22m [36m[1m[vite][22m[39m [90m[2m(client)[22m[39m [32mhmr update [39m[2m/src/app/ProjectSwitcher.tsx[22m
[2m3:28:41 AM[22m [36m[1m[vite][22m[39m [90m[2m(client)[22m[39m [32mhmr update [39m[2m/src/features/projects/ProjectsListPage.tsx[22m
[2m3:28:50 AM[22m [36m[1m[vite][22m[39m [90m[2m(client)[22m[39m [32mhmr update [39m[2m/src/features/projects/ProjectsListPage.tsx[22m
[2m4:18:55 AM[22m [36m[1m[vite][22m[39m [90m[2m(client)[22m[39m [32mhmr update [39m[2m/src/features/auth/SignupPage.tsx, /src/features/profile/ProfilePage.tsx, /src/features/auth/LoginPage.tsx, /src/app/TopNav.tsx, /src/features/projects/ProjectSettingsPage.tsx, /src/features/projects/ProjectSummaryPage.tsx, /src/features/projects/ProjectsListPage.tsx, /src/features/projects/CreateProjectDialog.tsx[22m
[2m4:22:53 AM[22m [36m[1m[vite][22m[39m [90m[2m(client)[22m[39m [32mhmr update [39m[2m/src/app/TopNav.tsx[22m
[2m4:23:00 AM[22m [36m[1m[vite][22m[39m [90m[2m(client)[22m[39m [32mhmr update [39m[2m/src/app/TopNav.tsx[22m
[2m4:23:09 AM[22m [36m[1m[vite][22m[39m [90m[2m(client)[22m[39m [32mhmr update [39m[2m/src/app/AppShell.tsx[22m
[2m4:23:14 AM[22m [36m[1m[vite][22m[39m [90m[2m(client)[22m[39m [32mpage reload [39m[2msrc/app/router.tsx[22m
[2m4:23:21 AM[22m [36m[1m[vite][22m[39m [90m[2m(client)[22m[39m [32mpage reload [39m[2msrc/app/router.tsx[22m
[2m4:23:44 AM[22m [36m[1m[vite][22m[39m [90m[2m(client)[22m[39m [optimizer] bundling dependencies...
[2m4:23:51 AM[22m [36m[1m[vite][22m[39m [90m[2m(client)[22m[39m [32mdependencies optimized: [33m@tiptap/extension-placeholder, @tiptap/react, @tiptap/starter-kit[32m[39m
[2m4:23:51 AM[22m [36m[1m[vite][22m[39m [90m[2m(client)[22m[39m [32moptimized dependencies changed. reloading[39m
[2m4:24:10 AM[22m [36m[1m[vite][22m[39m [90m[2m(client)[22m[39m [32mhmr update [39m[2m/src/features/issues/CreateIssueModal.tsx[22m
[2m4:40:09 AM[22m [36m[1m[vite][22m[39m [90m[2m(client)[22m[39m [32mhmr update [39m[2m/src/features/issues/IssueView.tsx, /src/features/issues/CreateIssueModal.tsx, /src/features/issues/ActivityFeed.tsx, /src/features/issues/IssueDetailsPanel.tsx[22m
[2m4:42:28 AM[22m [36m[1m[vite][22m[39m [90m[2m(client)[22m[39m [32mhmr update [39m[2m/src/features/issues/IssueView.tsx, /src/features/issues/CreateIssueModal.tsx, /src/features/issues/ActivityFeed.tsx, /src/features/issues/IssueDetailsPanel.tsx[22m
[2m4:43:02 AM[22m [36m[1m[vite][22m[39m [90m[2m(client)[22m[39m [32mpage reload [39m[2msrc/app/router.tsx[22m
[2m4:43:07 AM[22m [36m[1m[vite][22m[39m [90m[2m(client)[22m[39m [32mpage reload [39m[2msrc/app/router.tsx[22m
[2m4:43:38 AM[22m [36m[1m[vite][22m[39m [90m[2m(client)[22m[39m [optimizer] bundling dependencies...
[2m4:43:43 AM[22m [36m[1m[vite][22m[39m [90m[2m(client)[22m[39m [optimizer] bundling dependencies...
[2m4:43:46 AM[22m [36m[1m[vite][22m[39m [90m[2m(client)[22m[39m [32mdependencies optimized: [33m@dnd-kit/core, @dnd-kit/sortable, @dnd-kit/utilities[32m[39m
[2m4:43:46 AM[22m [36m[1m[vite][22m[39m [90m[2m(client)[22m[39m [32moptimized dependencies changed. reloading[39m
[2m4:46:40 AM[22m [36m[1m[vite][22m[39m [90m[2m(client)[22m[39m [32mpage reload [39m[2msrc/app/router.tsx[22m
[2m4:46:45 AM[22m [36m[1m[vite][22m[39m [90m[2m(client)[22m[39m [32mpage reload [39m[2msrc/app/router.tsx[22m
[2m4:53:00 AM[22m [36m[1m[vite][22m[39m [90m[2m(client)[22m[39m [32mhmr update [39m[2m/src/features/board/KanbanBoard.tsx[22m
[2m4:53:06 AM[22m [36m[1m[vite][22m[39m [90m[2m(client)[22m[39m [32mhmr update [39m[2m/src/features/board/KanbanBoard.tsx[22m
[2m4:53:14 AM[22m [36m[1m[vite][22m[39m [90m[2m(client)[22m[39m [32mhmr update [39m[2m/src/features/board/KanbanBoard.tsx[22m
[2m4:53:19 AM[22m [36m[1m[vite][22m[39m [90m[2m(client)[22m[39m [32mhmr update [39m[2m/src/features/board/KanbanBoard.tsx[22m
[2m4:53:24 AM[22m [36m[1m[vite][22m[39m [90m[2m(client)[22m[39m [32mhmr update [39m[2m/src/features/board/KanbanBoard.tsx[22m
[2m4:53:31 AM[22m [36m[1m[vite][22m[39m [90m[2m(client)[22m[39m [32mhmr update [39m[2m/src/features/board/KanbanBoard.tsx[22m
[2m4:53:37 AM[22m [36m[1m[vite][22m[39m [90m[2m(client)[22m[39m [32mhmr update [39m[2m/src/features/board/ProjectBoardPage.tsx[22m
[2m4:57:55 AM[22m [36m[1m[vite][22m[39m [90m[2m(client)[22m[39m [32mhmr update [39m[2m/src/features/projects/ProjectSettingsPage.tsx, /src/features/projects/ProjectLayout.tsx, /src/features/projects/ProjectsListPage.tsx, /src/features/projects/CreateProjectDialog.tsx, /src/app/ProjectSwitcher.tsx, /src/features/issues/CreateIssueModal.tsx, /src/features/issues/IssueDetailsPanel.tsx, /src/features/board/ProjectBoardPage.tsx[22m
[2m4:58:02 AM[22m [36m[1m[vite][22m[39m [90m[2m(client)[22m[39m [32mhmr update [39m[2m/src/features/projects/ProjectSettingsPage.tsx, /src/features/projects/ProjectLayout.tsx, /src/features/projects/ProjectsListPage.tsx, /src/features/projects/CreateProjectDialog.tsx, /src/app/ProjectSwitcher.tsx, /src/features/issues/CreateIssueModal.tsx, /src/features/issues/IssueDetailsPanel.tsx, /src/features/board/ProjectBoardPage.tsx[22m
[2m4:58:37 AM[22m [36m[1m[vite][22m[39m [90m[2m(client)[22m[39m [32mhmr update [39m[2m/src/features/board/KanbanBoard.tsx[22m
[2m4:59:24 AM[22m [36m[1m[vite][22m[39m [90m[2m(client)[22m[39m [32mhmr update [39m[2m/src/features/issues/IssueView.tsx, /src/features/issues/CreateIssueModal.tsx, /src/features/issues/ActivityFeed.tsx, /src/features/issues/IssueDetailsPanel.tsx, /src/features/backlog/BacklogPage.tsx, /src/features/board/ProjectBoardPage.tsx[22m
[2m5:00:21 AM[22m [36m[1m[vite][22m[39m [90m[2m(client)[22m[39m [32mhmr update [39m[2m/src/features/issues/IssueView.tsx[22m
[2m5:00:41 AM[22m [36m[1m[vite][22m[39m [90m[2m(client)[22m[39m [32mpage reload [39m[2msrc/app/router.tsx[22m
[2m5:00:58 AM[22m [36m[1m[vite][22m[39m [90m[2m(client)[22m[39m [32mhmr update [39m[2m/src/app/GlobalSidebar.tsx[22m
[2m5:04:29 AM[22m [36m[1m[vite][22m[39m [90m[2m(client)[22m[39m [32mhmr update [39m[2m/src/features/projects/ProjectsListPage.tsx[22m
[2m5:04:50 AM[22m [36m[1m[vite][22m[39m [90m[2m(client)[22m[39m [32mhmr update [39m[2m/src/features/issues/IssueView.tsx, /src/features/issues/CreateIssueModal.tsx, /src/features/issues/ActivityFeed.tsx, /src/features/issues/IssueDetailsPanel.tsx, /src/features/backlog/BacklogPage.tsx, /src/features/board/ProjectBoardPage.tsx, /src/features/board/MyWorkPage.tsx, /src/features/teams/TeamBoardPage.tsx, /src/features/board/EpicBoardPage.tsx[22m
[2m5:11:59 AM[22m [36m[1m[vite][22m[39m [90m[2m(client)[22m[39m [32mhmr update [39m[2m/src/design-system/Tabs.tsx[22m
[2m5:12:18 AM[22m [36m[1m[vite][22m[39m [90m[2m(client)[22m[39m [32mhmr update [39m[2m/src/features/teams/TeamBoardPage.tsx[22m
[2m5:12:18 AM[22m [31m[1m[vite][22m[39m [31m[2m(client)[22m[39m [2m[console.error] [22m[vite] Failed to reload /src/features/teams/TeamBoardPage.tsx. This could be due to syntax errors or importing non-existent modules. (see errors above)
[2m5:12:33 AM[22m [36m[1m[vite][22m[39m [90m[2m(client)[22m[39m [32mpage reload [39m[2msrc/app/router.tsx[22m
[2m5:12:35 AM[22m [36m[1m[vite][22m[39m [90m[2m(client)[22m[39m [optimizer] bundling dependencies...
[2m5:12:39 AM[22m [36m[1m[vite][22m[39m [90m[2m(client)[22m[39m [32mhmr update [39m[2m/src/app/GlobalSidebar.tsx[22m
[2m5:12:47 AM[22m [36m[1m[vite][22m[39m [90m[2m(client)[22m[39m [32mdependency optimized: [33mrecharts[32m[39m
[2m5:12:47 AM[22m [36m[1m[vite][22m[39m [90m[2m(client)[22m[39m [32moptimized dependencies changed. reloading[39m
[2m5:12:47 AM[22m [36m[1m[vite][22m[39m [90m[2m(client)[22m[39m [32mhmr update [39m[2m/src/app/GlobalSidebar.tsx[22m
[2m5:12:53 AM[22m [36m[1m[vite][22m[39m [90m[2m(client)[22m[39m [32mhmr update [39m[2m/src/app/GlobalSidebar.tsx[22m
[2m5:13:12 AM[22m [36m[1m[vite][22m[39m [90m[2m(client)[22m[39m [32mhmr update [39m[2m/src/features/issues/IssueDetailsPanel.tsx[22m
[2m5:13:17 AM[22m [36m[1m[vite][22m[39m [90m[2m(client)[22m[39m [32mhmr update [39m[2m/src/features/issues/IssueDetailsPanel.tsx[22m
[2m5:24:10 AM[22m [36m[1m[vite][22m[39m [90m[2m(client)[22m[39m [32mhmr update [39m[2m/src/app/TopNav.tsx, /src/features/issues/IssueView.tsx, /src/features/issues/IssueDetailModal.tsx, /src/features/issues/CreateIssueModal.tsx, /src/features/backlog/IssueRow.tsx, /src/features/board/BoardCard.tsx, /src/features/tables/IssueTable.tsx[22m
[2m5:24:16 AM[22m [36m[1m[vite][22m[39m [90m[2m(client)[22m[39m [32mhmr update [39m[2m/src/app/TopNav.tsx, /src/features/issues/IssueView.tsx, /src/features/issues/IssueDetailModal.tsx, /src/features/issues/CreateIssueModal.tsx, /src/features/backlog/IssueRow.tsx, /src/features/board/BoardCard.tsx, /src/features/tables/IssueTable.tsx[22m
[2m5:24:46 AM[22m [36m[1m[vite][22m[39m [90m[2m(client)[22m[39m [32mhmr update [39m[2m/src/app/AppShell.tsx[22m
[2m5:24:51 AM[22m [36m[1m[vite][22m[39m [90m[2m(client)[22m[39m [32mhmr update [39m[2m/src/app/AppShell.tsx[22m
[2m5:25:25 AM[22m [36m[1m[vite][22m[39m [90m[2m(client)[22m[39m [32mhmr update [39m[2m/src/app/TopNav.tsx[22m
[2m5:25:26 AM[22m [36m[1m[vite][22m[39m [90m[2m(client)[22m[39m [optimizer] bundling dependencies...
[2m5:25:33 AM[22m [36m[1m[vite][22m[39m [90m[2m(client)[22m[39m [32mdependency optimized: [33m@radix-ui/react-popover[32m[39m
[2m5:25:33 AM[22m [36m[1m[vite][22m[39m [90m[2m(client)[22m[39m [32moptimized dependencies changed. reloading[39m
[2m5:25:34 AM[22m [36m[1m[vite][22m[39m [90m[2m(client)[22m[39m [32mhmr update [39m[2m/src/app/TopNav.tsx[22m
[2m5:25:34 AM[22m [31m[1m[vite][22m[39m [31m[2m(client)[22m[39m [2m[console.error] [22mError handled by React Router default ErrorBoundary: ReferenceError: Bell is not defined
    at TopNav (http://localhost:5173/src/app/TopNav.tsx?t=1789561525642:114:41)
    at Object.react_stack_bottom_frame (http://localhost:5173/node_modules/.vite/deps/react-dom_client.js?v=ec4df3bc:14142:12)
    at renderWithHooks (http://localhost:5173/node_modules/.vite/deps/react-dom_client.js?v=ec4df3bc:4400:19)
    at updateFunctionComponent (http://localhost:5173/node_modules/.vite/deps/react-dom_client.js?v=ec4df3bc:5775:16)
    at beginWork (http://localhost:5173/node_modules/.vite/deps/react-dom_client.js?v=ec4df3bc:6391:20)
    at runWithFiberInDEV (http://localhost:5173/node_modules/.vite/deps/react-dom_client.js?v=ec4df3bc:944:66)
    at performUnitOfWork (http://localhost:5173/node_modules/.vite/deps/react-dom_client.js?v=ec4df3bc:9148:92)
    at workLoopSync (http://localhost:5173/node_modules/.vite/deps/react-dom_client.js?v=ec4df3bc:9044:37)
    at renderRootSync (http://localhost:5173/node_modules/.vite/deps/react-dom_client.js?v=ec4df3bc:9028:6)
    at performWorkOnRoot (http://localhost:5173/node_modules/.vite/deps/react-dom_client.js?v=ec4df3bc:8678:181)
[2m5:25:34 AM[22m [31m[1m[vite][22m[39m [31m[2m(client)[22m[39m [2m[console.error] [22mError handled by React Router default ErrorBoundary: ReferenceError: Bell is not defined
    at TopNav (http://localhost:5173/src/app/TopNav.tsx?t=1789561525642:114:41)
    at Object.react_stack_bottom_frame (http://localhost:5173/node_modules/.vite/deps/react-dom_client.js?v=ec4df3bc:14142:12)
    at renderWithHooks (http://localhost:5173/node_modules/.vite/deps/react-dom_client.js?v=ec4df3bc:4400:19)
    at updateFunctionComponent (http://localhost:5173/node_modules/.vite/deps/react-dom_client.js?v=ec4df3bc:5775:16)
    at beginWork (http://localhost:5173/node_modules/.vite/deps/react-dom_client.js?v=ec4df3bc:6391:20)
    at runWithFiberInDEV (http://localhost:5173/node_modules/.vite/deps/react-dom_client.js?v=ec4df3bc:944:66)
    at performUnitOfWork (http://localhost:5173/node_modules/.vite/deps/react-dom_client.js?v=ec4df3bc:9148:92)
    at workLoopSync (http://localhost:5173/node_modules/.vite/deps/react-dom_client.js?v=ec4df3bc:9044:37)
    at renderRootSync (http://localhost:5173/node_modules/.vite/deps/react-dom_client.js?v=ec4df3bc:9028:6)
    at performWorkOnRoot (http://localhost:5173/node_modules/.vite/deps/react-dom_client.js?v=ec4df3bc:8678:181)
[2m5:25:34 AM[22m [31m[1m[vite][22m[39m [31m[2m(client)[22m[39m [2m[console.error] [22mError handled by React Router default ErrorBoundary: ReferenceError: Bell is not defined
    at TopNav (http://localhost:5173/src/app/TopNav.tsx?t=1789561525642:114:41)
    at Object.react_stack_bottom_frame (http://localhost:5173/node_modules/.vite/deps/react-dom_client.js?v=ec4df3bc:14142:12)
    at renderWithHooks (http://localhost:5173/node_modules/.vite/deps/react-dom_client.js?v=ec4df3bc:4400:19)
    at updateFunctionComponent (http://localhost:5173/node_modules/.vite/deps/react-dom_client.js?v=ec4df3bc:5775:16)
    at beginWork (http://localhost:5173/node_modules/.vite/deps/react-dom_client.js?v=ec4df3bc:6391:20)
    at runWithFiberInDEV (http://localhost:5173/node_modules/.vite/deps/react-dom_client.js?v=ec4df3bc:944:66)
    at performUnitOfWork (http://localhost:5173/node_modules/.vite/deps/react-dom_client.js?v=ec4df3bc:9148:92)
    at workLoopSync (http://localhost:5173/node_modules/.vite/deps/react-dom_client.js?v=ec4df3bc:9044:37)
    at renderRootSync (http://localhost:5173/node_modules/.vite/deps/react-dom_client.js?v=ec4df3bc:9028:6)
    at performWorkOnRoot (http://localhost:5173/node_modules/.vite/deps/react-dom_client.js?v=ec4df3bc:8715:27)
[2m5:25:34 AM[22m [31m[1m[vite][22m[39m [31m[2m(client)[22m[39m [2m[console.error] [22mError handled by React Router default ErrorBoundary: ReferenceError: Bell is not defined
    at TopNav (http://localhost:5173/src/app/TopNav.tsx?t=1789561525642:114:41)
    at Object.react_stack_bottom_frame (http://localhost:5173/node_modules/.vite/deps/react-dom_client.js?v=ec4df3bc:14142:12)
    at renderWithHooks (http://localhost:5173/node_modules/.vite/deps/react-dom_client.js?v=ec4df3bc:4400:19)
    at updateFunctionComponent (http://localhost:5173/node_modules/.vite/deps/react-dom_client.js?v=ec4df3bc:5775:16)
    at beginWork (http://localhost:5173/node_modules/.vite/deps/react-dom_client.js?v=ec4df3bc:6391:20)
    at runWithFiberInDEV (http://localhost:5173/node_modules/.vite/deps/react-dom_client.js?v=ec4df3bc:944:66)
    at performUnitOfWork (http://localhost:5173/node_modules/.vite/deps/react-dom_client.js?v=ec4df3bc:9148:92)
    at workLoopSync (http://localhost:5173/node_modules/.vite/deps/react-dom_client.js?v=ec4df3bc:9044:37)
    at renderRootSync (http://localhost:5173/node_modules/.vite/deps/react-dom_client.js?v=ec4df3bc:9028:6)
    at performWorkOnRoot (http://localhost:5173/node_modules/.vite/deps/react-dom_client.js?v=ec4df3bc:8715:27)
[2m5:25:34 AM[22m [31m[1m[vite][22m[39m [31m[2m(client)[22m[39m [2m[console.error] [22mReferenceError: Bell is not defined
    at TopNav (http://localhost:5173/src/app/TopNav.tsx?t=1789561525642:114:41)
    at Object.react_stack_bottom_frame (http://localhost:5173/node_modules/.vite/deps/react-dom_client.js?v=ec4df3bc:14142:12)
    at renderWithHooks (http://localhost:5173/node_modules/.vite/deps/react-dom_client.js?v=ec4df3bc:4400:19)
    at updateFunctionComponent (http://localhost:5173/node_modules/.vite/deps/react-dom_client.js?v=ec4df3bc:5775:16)
    at beginWork (http://localhost:5173/node_modules/.vite/deps/react-dom_client.js?v=ec4df3bc:6391:20)
    at runWithFiberInDEV (http://localhost:5173/node_modules/.vite/deps/react-dom_client.js?v=ec4df3bc:944:66)
    at performUnitOfWork (http://localhost:5173/node_modules/.vite/deps/react-dom_client.js?v=ec4df3bc:9148:92)
    at workLoopSync (http://localhost:5173/node_modules/.vite/deps/react-dom_client.js?v=ec4df3bc:9044:37)
    at renderRootSync (http://localhost:5173/node_modules/.vite/deps/react-dom_client.js?v=ec4df3bc:9028:6)
    at performWorkOnRoot (http://localhost:5173/node_modules/.vite/deps/react-dom_client.js?v=ec4df3bc:8715:27)

The above error occurred in the <TopNav> component.

React will try to recreate this component tree from scratch using the error boundary you provided, RenderErrorBoundary.

[2m5:25:34 AM[22m [31m[1m[vite][22m[39m [31m[2m(client)[22m[39m [2m[console.error] [22mReact Router caught the following error during render ReferenceError: Bell is not defined
    at TopNav (http://localhost:5173/src/app/TopNav.tsx?t=1789561525642:114:41)
    at Object.react_stack_bottom_frame (http://localhost:5173/node_modules/.vite/deps/react-dom_client.js?v=ec4df3bc:14142:12)
    at renderWithHooks (http://localhost:5173/node_modules/.vite/deps/react-dom_client.js?v=ec4df3bc:4400:19)
    at updateFunctionComponent (http://localhost:5173/node_modules/.vite/deps/react-dom_client.js?v=ec4df3bc:5775:16)
    at beginWork (http://localhost:5173/node_modules/.vite/deps/react-dom_client.js?v=ec4df3bc:6391:20)
    at runWithFiberInDEV (http://localhost:5173/node_modules/.vite/deps/react-dom_client.js?v=ec4df3bc:944:66)
    at performUnitOfWork (http://localhost:5173/node_modules/.vite/deps/react-dom_client.js?v=ec4df3bc:9148:92)
    at workLoopSync (http://localhost:5173/node_modules/.vite/deps/react-dom_client.js?v=ec4df3bc:9044:37)
    at renderRootSync (http://localhost:5173/node_modules/.vite/deps/react-dom_client.js?v=ec4df3bc:9028:6)
    at performWorkOnRoot (http://localhost:5173/node_modules/.vite/deps/react-dom_client.js?v=ec4df3bc:8715:27)
[2m5:26:06 AM[22m [36m[1m[vite][22m[39m [90m[2m(client)[22m[39m [32mhmr update [39m[2m/src/features/tables/IssueFilterPanel.tsx[22m
[2m5:26:06 AM[22m [36m[1m[vite][22m[39m [90m[2m(client)[22m[39m [33mhmr invalidate [39m[2m/src/features/tables/IssueFilterPanel.tsx[22m Could not Fast Refresh ("EMPTY_FILTERS" export is incompatible). Learn more at https://github.com/vitejs/vite-plugin-react/tree/main/packages/plugin-react#consistent-components-exports
[2m5:26:06 AM[22m [36m[1m[vite][22m[39m [90m[2m(client)[22m[39m [32mhmr update [39m[2m/src/features/projects/ProjectIssuesPage.tsx[22m
[2m5:26:11 AM[22m [36m[1m[vite][22m[39m [90m[2m(client)[22m[39m [32mhmr update [39m[2m/src/features/tables/IssueFilterPanel.tsx[22m
[2m5:26:11 AM[22m [36m[1m[vite][22m[39m [90m[2m(client)[22m[39m [33mhmr invalidate [39m[2m/src/features/tables/IssueFilterPanel.tsx[22m Could not Fast Refresh ("EMPTY_FILTERS" export is incompatible). Learn more at https://github.com/vitejs/vite-plugin-react/tree/main/packages/plugin-react#consistent-components-exports
[2m5:26:11 AM[22m [36m[1m[vite][22m[39m [90m[2m(client)[22m[39m [32mhmr update [39m[2m/src/features/projects/ProjectIssuesPage.tsx[22m
[2m5:26:28 AM[22m [36m[1m[vite][22m[39m [90m[2m(client)[22m[39m [32mhmr update [39m[2m/src/features/tables/IssueFilterPanel.tsx[22m
[2m5:26:28 AM[22m [36m[1m[vite][22m[39m [90m[2m(client)[22m[39m [33mhmr invalidate [39m[2m/src/features/tables/IssueFilterPanel.tsx[22m Could not Fast Refresh ("EMPTY_FILTERS" export is incompatible). Learn more at https://github.com/vitejs/vite-plugin-react/tree/main/packages/plugin-react#consistent-components-exports
[2m5:26:28 AM[22m [36m[1m[vite][22m[39m [90m[2m(client)[22m[39m [32mhmr update [39m[2m/src/features/projects/ProjectIssuesPage.tsx[22m
[2m5:26:33 AM[22m [36m[1m[vite][22m[39m [90m[2m(client)[22m[39m [32mpage reload [39m[2msrc/app/router.tsx[22m
[2m5:26:38 AM[22m [36m[1m[vite][22m[39m [90m[2m(client)[22m[39m [32mpage reload [39m[2msrc/app/router.tsx[22m
[2m5:36:20 AM[22m [31m[1m[vite][22m[39m [31mhttp proxy error: /api/teams/2/[39m
Error: connect ECONNREFUSED 127.0.0.1:8000
    at TCPConnectWrap.afterConnect [as oncomplete] (node:net:2017:16)
[2m5:36:21 AM[22m [31m[1m[vite][22m[39m [31mhttp proxy error: /api/teams/2/[39m
Error: connect ECONNREFUSED 127.0.0.1:8000
    at TCPConnectWrap.afterConnect [as oncomplete] (node:net:2017:16)
[2m5:36:45 AM[22m [31m[1m[vite][22m[39m [31mhttp proxy error: /api/issues/?assignee_in=6,7,2,1&page_size=300&ordering=rank[39m
Error: connect ECONNREFUSED 127.0.0.1:8000
    at TCPConnectWrap.afterConnect [as oncomplete] (node:net:2017:16)
[2m5:36:46 AM[22m [31m[1m[vite][22m[39m [31mhttp proxy error: /api/issues/?assignee_in=6,7,2,1&page_size=300&ordering=rank[39m
Error: connect ECONNREFUSED 127.0.0.1:8000
    at TCPConnectWrap.afterConnect [as oncomplete] (node:net:2017:16)
[2m5:36:59 AM[22m [31m[1m[vite][22m[39m [31mhttp proxy error: /api/issues/?assignee_in=4,3,8,5&page_size=300&ordering=rank[39m
Error: connect ECONNREFUSED 127.0.0.1:8000
    at TCPConnectWrap.afterConnect [as oncomplete] (node:net:2017:16)
[2m5:37:00 AM[22m [31m[1m[vite][22m[39m [31mhttp proxy error: /api/issues/?assignee_in=4,3,8,5&page_size=300&ordering=rank[39m
Error: connect ECONNREFUSED 127.0.0.1:8000
    at TCPConnectWrap.afterConnect [as oncomplete] (node:net:2017:16)
[2m5:37:04 AM[22m [31m[1m[vite][22m[39m [31mhttp proxy error: /api/notifications/unread-count/[39m
Error: write ECONNRESET
    at afterWriteDispatched (node:internal/stream_base_commons:159:15)
    at writeGeneric (node:internal/stream_base_commons:150:3)
    at Socket._writeGeneric (node:net:1258:11)
    at Socket.connect (node:net:1236:12)
    at Socket.wrapper (node:events:639:12)
    at Socket.emit (node:events:526:24)
    at TCPConnectWrap.afterConnect [as oncomplete] (node:net:2002:10)
[2m5:37:04 AM[22m [31m[1m[vite][22m[39m [31mhttp proxy error: /api/notifications/[39m
Error: connect ECONNREFUSED 127.0.0.1:8000
    at TCPConnectWrap.afterConnect [as oncomplete] (node:net:2017:16)
[2m5:37:05 AM[22m [31m[1m[vite][22m[39m [31mhttp proxy error: /api/notifications/unread-count/[39m
Error: connect ECONNREFUSED 127.0.0.1:8000
    at TCPConnectWrap.afterConnect [as oncomplete] (node:net:2017:16)
[2m5:37:05 AM[22m [31m[1m[vite][22m[39m [31mhttp proxy error: /api/notifications/[39m
Error: connect ECONNREFUSED 127.0.0.1:8000
    at TCPConnectWrap.afterConnect [as oncomplete] (node:net:2017:16)
[2m5:37:25 AM[22m [31m[1m[vite][22m[39m [31mhttp proxy error: /api/notifications/unread-count/[39m
Error: read ECONNRESET
    at TCP.onStreamRead (node:internal/stream_base_commons:216:20)
[2m5:37:25 AM[22m [31m[1m[vite][22m[39m [31mhttp proxy error: /api/notifications/[39m
Error: read ECONNRESET
    at TCP.onStreamRead (node:internal/stream_base_commons:216:20)
[2m5:37:26 AM[22m [31m[1m[vite][22m[39m [31mhttp proxy error: /api/notifications/unread-count/[39m
Error: connect ECONNREFUSED 127.0.0.1:8000
    at TCPConnectWrap.afterConnect [as oncomplete] (node:net:2017:16)
[2m5:37:26 AM[22m [31m[1m[vite][22m[39m [31mhttp proxy error: /api/notifications/[39m
Error: connect ECONNREFUSED 127.0.0.1:8000
    at TCPConnectWrap.afterConnect [as oncomplete] (node:net:2017:16)
[2m5:44:13 AM[22m [36m[1m[vite][22m[39m [90m[2m(client)[22m[39m [32mhmr update [39m[2m/src/features/backlog/BacklogPage.tsx, /src/features/backlog/CompleteSprintDialog.tsx, /src/features/backlog/StartSprintDialog.tsx, /src/features/board/ProjectBoardPage.tsx[22m
[2m5:44:20 AM[22m [36m[1m[vite][22m[39m [90m[2m(client)[22m[39m [32mhmr update [39m[2m/src/features/backlog/BacklogPage.tsx, /src/features/backlog/CompleteSprintDialog.tsx, /src/features/backlog/StartSprintDialog.tsx, /src/features/board/ProjectBoardPage.tsx[22m
[2m5:44:34 AM[22m [36m[1m[vite][22m[39m [90m[2m(client)[22m[39m [32mhmr update [39m[2m/src/features/issues/IssueView.tsx, /src/features/issues/CreateIssueModal.tsx, /src/features/issues/ActivityFeed.tsx, /src/features/issues/IssueDetailsPanel.tsx, /src/features/backlog/BacklogPage.tsx, /src/features/board/ProjectBoardPage.tsx, /src/features/board/MyWorkPage.tsx, /src/features/board/EpicBoardPage.tsx, /src/features/projects/ProjectIssuesPage.tsx, /src/features/people/UserWorkloadPage.tsx, /src/features/teams/TeamBoard.tsx, /src/features/teams/TeamIssuesTab.tsx and 1 more[22m
[2m5:44:40 AM[22m [36m[1m[vite][22m[39m [90m[2m(client)[22m[39m [32mhmr update [39m[2m/src/features/issues/IssueView.tsx, /src/features/issues/CreateIssueModal.tsx, /src/features/issues/ActivityFeed.tsx, /src/features/issues/IssueDetailsPanel.tsx, /src/features/backlog/BacklogPage.tsx, /src/features/board/ProjectBoardPage.tsx, /src/features/board/MyWorkPage.tsx, /src/features/board/EpicBoardPage.tsx, /src/features/projects/ProjectIssuesPage.tsx, /src/features/people/UserWorkloadPage.tsx, /src/features/teams/TeamBoard.tsx, /src/features/teams/TeamIssuesTab.tsx and 1 more[22m
[2m5:46:54 AM[22m [36m[1m[vite][22m[39m [90m[2m(client)[22m[39m [32mpage reload [39m[2msrc/app/router.tsx[22m
[2m5:47:01 AM[22m [36m[1m[vite][22m[39m [90m[2m(client)[22m[39m [32mpage reload [39m[2msrc/app/router.tsx[22m
[2m5:47:34 AM[22m [31m[1m[vite][22m[39m [31m[2m(client)[22m[39m [2m[console.error] [22m`NaN` is an invalid value for the `left` css style property.
[2m5:47:35 AM[22m [31m[1m[vite][22m[39m [31m[2m(client)[22m[39m [2m[console.error] [22mError handled by React Router default ErrorBoundary: RangeError: Invalid time value
    at format (http://localhost:5173/node_modules/.vite/deps/date-fns.js?v=31b4446e:5042:36)
    at http://localhost:5173/src/features/timeline/TimelinePage.tsx:88:20
    at basicStateReducer (http://localhost:5173/node_modules/.vite/deps/react-dom_client.js?v=31b4446e:4580:42)
    at updateReducerImpl (http://localhost:5173/node_modules/.vite/deps/react-dom_client.js?v=31b4446e:4657:46)
    at updateReducer (http://localhost:5173/node_modules/.vite/deps/react-dom_client.js?v=31b4446e:4608:11)
    at Object.useState (http://localhost:5173/node_modules/.vite/deps/react-dom_client.js?v=31b4446e:14576:13)
    at exports.useState (http://localhost:5173/node_modules/.vite/deps/react.js?v=31b4446e:769:31)
    at TimelinePage (http://localhost:5173/src/features/timeline/TimelinePage.tsx:35:42)
    at Object.react_stack_bottom_frame (http://localhost:5173/node_modules/.vite/deps/react-dom_client.js?v=31b4446e:14142:12)
    at renderWithHooks (http://localhost:5173/node_modules/.vite/deps/react-dom_client.js?v=31b4446e:4400:19)
[2m5:47:35 AM[22m [31m[1m[vite][22m[39m [31m[2m(client)[22m[39m [2m[console.error] [22mError handled by React Router default ErrorBoundary: RangeError: Invalid time value
    at format (http://localhost:5173/node_modules/.vite/deps/date-fns.js?v=31b4446e:5042:36)
    at http://localhost:5173/src/features/timeline/TimelinePage.tsx:88:20
    at basicStateReducer (http://localhost:5173/node_modules/.vite/deps/react-dom_client.js?v=31b4446e:4580:42)
    at updateReducerImpl (http://localhost:5173/node_modules/.vite/deps/react-dom_client.js?v=31b4446e:4657:46)
    at updateReducer (http://localhost:5173/node_modules/.vite/deps/react-dom_client.js?v=31b4446e:4608:11)
    at Object.useState (http://localhost:5173/node_modules/.vite/deps/react-dom_client.js?v=31b4446e:14576:13)
    at exports.useState (http://localhost:5173/node_modules/.vite/deps/react.js?v=31b4446e:769:31)
    at TimelinePage (http://localhost:5173/src/features/timeline/TimelinePage.tsx:35:42)
    at Object.react_stack_bottom_frame (http://localhost:5173/node_modules/.vite/deps/react-dom_client.js?v=31b4446e:14142:12)
    at renderWithHooks (http://localhost:5173/node_modules/.vite/deps/react-dom_client.js?v=31b4446e:4400:19)
[2m5:47:35 AM[22m [31m[1m[vite][22m[39m [31m[2m(client)[22m[39m [2m[console.error] [22mError handled by React Router default ErrorBoundary: RangeError: Invalid time value
    at format (http://localhost:5173/node_modules/.vite/deps/date-fns.js?v=31b4446e:5042:36)
    at http://localhost:5173/src/features/timeline/TimelinePage.tsx:88:20
    at basicStateReducer (http://localhost:5173/node_modules/.vite/deps/react-dom_client.js?v=31b4446e:4580:42)
    at updateReducerImpl (http://localhost:5173/node_modules/.vite/deps/react-dom_client.js?v=31b4446e:4657:46)
    at updateReducer (http://localhost:5173/node_modules/.vite/deps/react-dom_client.js?v=31b4446e:4608:11)
    at Object.useState (http://localhost:5173/node_modules/.vite/deps/react-dom_client.js?v=31b4446e:14576:13)
    at exports.useState (http://localhost:5173/node_modules/.vite/deps/react.js?v=31b4446e:769:31)
    at TimelinePage (http://localhost:5173/src/features/timeline/TimelinePage.tsx:35:42)
    at Object.react_stack_bottom_frame (http://localhost:5173/node_modules/.vite/deps/react-dom_client.js?v=31b4446e:14142:12)
    at renderWithHooks (http://localhost:5173/node_modules/.vite/deps/react-dom_client.js?v=31b4446e:4400:19)
[2m5:47:35 AM[22m [31m[1m[vite][22m[39m [31m[2m(client)[22m[39m [2m[console.error] [22mError handled by React Router default ErrorBoundary: RangeError: Invalid time value
    at format (http://localhost:5173/node_modules/.vite/deps/date-fns.js?v=31b4446e:5042:36)
    at http://localhost:5173/src/features/timeline/TimelinePage.tsx:88:20
    at basicStateReducer (http://localhost:5173/node_modules/.vite/deps/react-dom_client.js?v=31b4446e:4580:42)
    at updateReducerImpl (http://localhost:5173/node_modules/.vite/deps/react-dom_client.js?v=31b4446e:4657:46)
    at updateReducer (http://localhost:5173/node_modules/.vite/deps/react-dom_client.js?v=31b4446e:4608:11)
    at Object.useState (http://localhost:5173/node_modules/.vite/deps/react-dom_client.js?v=31b4446e:14576:13)
    at exports.useState (http://localhost:5173/node_modules/.vite/deps/react.js?v=31b4446e:769:31)
    at TimelinePage (http://localhost:5173/src/features/timeline/TimelinePage.tsx:35:42)
    at Object.react_stack_bottom_frame (http://localhost:5173/node_modules/.vite/deps/react-dom_client.js?v=31b4446e:14142:12)
    at renderWithHooks (http://localhost:5173/node_modules/.vite/deps/react-dom_client.js?v=31b4446e:4400:19)
[2m5:47:35 AM[22m [31m[1m[vite][22m[39m [31m[2m(client)[22m[39m [2m[console.error] [22mRangeError: Invalid time value
    at format (http://localhost:5173/node_modules/.vite/deps/date-fns.js?v=31b4446e:5042:36)
    at http://localhost:5173/src/features/timeline/TimelinePage.tsx:88:20
    at basicStateReducer (http://localhost:5173/node_modules/.vite/deps/react-dom_client.js?v=31b4446e:4580:42)
    at updateReducerImpl (http://localhost:5173/node_modules/.vite/deps/react-dom_client.js?v=31b4446e:4657:46)
    at updateReducer (http://localhost:5173/node_modules/.vite/deps/react-dom_client.js?v=31b4446e:4608:11)
    at Object.useState (http://localhost:5173/node_modules/.vite/deps/react-dom_client.js?v=31b4446e:14576:13)
    at exports.useState (http://localhost:5173/node_modules/.vite/deps/react.js?v=31b4446e:769:31)
    at TimelinePage (http://localhost:5173/src/features/timeline/TimelinePage.tsx:35:42)
    at Object.react_stack_bottom_frame (http://localhost:5173/node_modules/.vite/deps/react-dom_client.js?v=31b4446e:14142:12)
    at renderWithHooks (http://localhost:5173/node_modules/.vite/deps/react-dom_client.js?v=31b4446e:4400:19)

The above error occurred in the <TimelinePage> component.

React will try to recreate this component tree from scratch using the error boundary you provided, RenderErrorBoundary.

[2m5:47:35 AM[22m [31m[1m[vite][22m[39m [31m[2m(client)[22m[39m [2m[console.error] [22mReact Router caught the following error during render RangeError: Invalid time value
    at format (http://localhost:5173/node_modules/.vite/deps/date-fns.js?v=31b4446e:5042:36)
    at http://localhost:5173/src/features/timeline/TimelinePage.tsx:88:20
    at basicStateReducer (http://localhost:5173/node_modules/.vite/deps/react-dom_client.js?v=31b4446e:4580:42)
    at updateReducerImpl (http://localhost:5173/node_modules/.vite/deps/react-dom_client.js?v=31b4446e:4657:46)
    at updateReducer (http://localhost:5173/node_modules/.vite/deps/react-dom_client.js?v=31b4446e:4608:11)
    at Object.useState (http://localhost:5173/node_modules/.vite/deps/react-dom_client.js?v=31b4446e:14576:13)
    at exports.useState (http://localhost:5173/node_modules/.vite/deps/react.js?v=31b4446e:769:31)
    at TimelinePage (http://localhost:5173/src/features/timeline/TimelinePage.tsx:35:42)
    at Object.react_stack_bottom_frame (http://localhost:5173/node_modules/.vite/deps/react-dom_client.js?v=31b4446e:14142:12)
    at renderWithHooks (http://localhost:5173/node_modules/.vite/deps/react-dom_client.js?v=31b4446e:4400:19)
[2m5:47:36 AM[22m [36m[1m[vite][22m[39m [90m[2m(client)[22m[39m [32mpage reload [39m[2msrc/app/router.tsx[22m
[2m5:47:39 AM[22m [31m[1m[vite][22m[39m [31m[2m(client)[22m[39m [2m[console.error] [22m`NaN` is an invalid value for the `width` css style property.
[2m5:47:40 AM[22m [31m[1m[vite][22m[39m [31m[2m(client)[22m[39m [2m[console.error] [22mError handled by React Router default ErrorBoundary: RangeError: Invalid time value
    at format (http://localhost:5173/node_modules/.vite/deps/date-fns.js?v=31b4446e:5042:36)
    at http://localhost:5173/src/features/timeline/TimelinePage.tsx:89:18
    at basicStateReducer (http://localhost:5173/node_modules/.vite/deps/react-dom_client.js?v=31b4446e:4580:42)
    at updateReducerImpl (http://localhost:5173/node_modules/.vite/deps/react-dom_client.js?v=31b4446e:4657:46)
    at updateReducer (http://localhost:5173/node_modules/.vite/deps/react-dom_client.js?v=31b4446e:4608:11)
    at Object.useState (http://localhost:5173/node_modules/.vite/deps/react-dom_client.js?v=31b4446e:14576:13)
    at exports.useState (http://localhost:5173/node_modules/.vite/deps/react.js?v=31b4446e:769:31)
    at TimelinePage (http://localhost:5173/src/features/timeline/TimelinePage.tsx:35:42)
    at Object.react_stack_bottom_frame (http://localhost:5173/node_modules/.vite/deps/react-dom_client.js?v=31b4446e:14142:12)
    at renderWithHooks (http://localhost:5173/node_modules/.vite/deps/react-dom_client.js?v=31b4446e:4400:19)
[2m5:47:40 AM[22m [31m[1m[vite][22m[39m [31m[2m(client)[22m[39m [2m[console.error] [22mError handled by React Router default ErrorBoundary: RangeError: Invalid time value
    at format (http://localhost:5173/node_modules/.vite/deps/date-fns.js?v=31b4446e:5042:36)
    at http://localhost:5173/src/features/timeline/TimelinePage.tsx:89:18
    at basicStateReducer (http://localhost:5173/node_modules/.vite/deps/react-dom_client.js?v=31b4446e:4580:42)
    at updateReducerImpl (http://localhost:5173/node_modules/.vite/deps/react-dom_client.js?v=31b4446e:4657:46)
    at updateReducer (http://localhost:5173/node_modules/.vite/deps/react-dom_client.js?v=31b4446e:4608:11)
    at Object.useState (http://localhost:5173/node_modules/.vite/deps/react-dom_client.js?v=31b4446e:14576:13)
    at exports.useState (http://localhost:5173/node_modules/.vite/deps/react.js?v=31b4446e:769:31)
    at TimelinePage (http://localhost:5173/src/features/timeline/TimelinePage.tsx:35:42)
    at Object.react_stack_bottom_frame (http://localhost:5173/node_modules/.vite/deps/react-dom_client.js?v=31b4446e:14142:12)
    at renderWithHooks (http://localhost:5173/node_modules/.vite/deps/react-dom_client.js?v=31b4446e:4400:19)
[2m5:47:40 AM[22m [31m[1m[vite][22m[39m [31m[2m(client)[22m[39m [2m[console.error] [22mError handled by React Router default ErrorBoundary: RangeError: Invalid time value
    at format (http://localhost:5173/node_modules/.vite/deps/date-fns.js?v=31b4446e:5042:36)
    at http://localhost:5173/src/features/timeline/TimelinePage.tsx:89:18
    at basicStateReducer (http://localhost:5173/node_modules/.vite/deps/react-dom_client.js?v=31b4446e:4580:42)
    at updateReducerImpl (http://localhost:5173/node_modules/.vite/deps/react-dom_client.js?v=31b4446e:4657:46)
    at updateReducer (http://localhost:5173/node_modules/.vite/deps/react-dom_client.js?v=31b4446e:4608:11)
    at Object.useState (http://localhost:5173/node_modules/.vite/deps/react-dom_client.js?v=31b4446e:14576:13)
    at exports.useState (http://localhost:5173/node_modules/.vite/deps/react.js?v=31b4446e:769:31)
    at TimelinePage (http://localhost:5173/src/features/timeline/TimelinePage.tsx:35:42)
    at Object.react_stack_bottom_frame (http://localhost:5173/node_modules/.vite/deps/react-dom_client.js?v=31b4446e:14142:12)
    at renderWithHooks (http://localhost:5173/node_modules/.vite/deps/react-dom_client.js?v=31b4446e:4400:19)
[2m5:47:40 AM[22m [31m[1m[vite][22m[39m [31m[2m(client)[22m[39m [2m[console.error] [22mError handled by React Router default ErrorBoundary: RangeError: Invalid time value
    at format (http://localhost:5173/node_modules/.vite/deps/date-fns.js?v=31b4446e:5042:36)
    at http://localhost:5173/src/features/timeline/TimelinePage.tsx:89:18
    at basicStateReducer (http://localhost:5173/node_modules/.vite/deps/react-dom_client.js?v=31b4446e:4580:42)
    at updateReducerImpl (http://localhost:5173/node_modules/.vite/deps/react-dom_client.js?v=31b4446e:4657:46)
    at updateReducer (http://localhost:5173/node_modules/.vite/deps/react-dom_client.js?v=31b4446e:4608:11)
    at Object.useState (http://localhost:5173/node_modules/.vite/deps/react-dom_client.js?v=31b4446e:14576:13)
    at exports.useState (http://localhost:5173/node_modules/.vite/deps/react.js?v=31b4446e:769:31)
    at TimelinePage (http://localhost:5173/src/features/timeline/TimelinePage.tsx:35:42)
    at Object.react_stack_bottom_frame (http://localhost:5173/node_modules/.vite/deps/react-dom_client.js?v=31b4446e:14142:12)
    at renderWithHooks (http://localhost:5173/node_modules/.vite/deps/react-dom_client.js?v=31b4446e:4400:19)
[2m5:47:40 AM[22m [31m[1m[vite][22m[39m [31m[2m(client)[22m[39m [2m[console.error] [22mRangeError: Invalid time value
    at format (http://localhost:5173/node_modules/.vite/deps/date-fns.js?v=31b4446e:5042:36)
    at http://localhost:5173/src/features/timeline/TimelinePage.tsx:89:18
    at basicStateReducer (http://localhost:5173/node_modules/.vite/deps/react-dom_client.js?v=31b4446e:4580:42)
    at updateReducerImpl (http://localhost:5173/node_modules/.vite/deps/react-dom_client.js?v=31b4446e:4657:46)
    at updateReducer (http://localhost:5173/node_modules/.vite/deps/react-dom_client.js?v=31b4446e:4608:11)
    at Object.useState (http://localhost:5173/node_modules/.vite/deps/react-dom_client.js?v=31b4446e:14576:13)
    at exports.useState (http://localhost:5173/node_modules/.vite/deps/react.js?v=31b4446e:769:31)
    at TimelinePage (http://localhost:5173/src/features/timeline/TimelinePage.tsx:35:42)
    at Object.react_stack_bottom_frame (http://localhost:5173/node_modules/.vite/deps/react-dom_client.js?v=31b4446e:14142:12)
    at renderWithHooks (http://localhost:5173/node_modules/.vite/deps/react-dom_client.js?v=31b4446e:4400:19)

The above error occurred in the <TimelinePage> component.

React will try to recreate this component tree from scratch using the error boundary you provided, RenderErrorBoundary.

[2m5:47:40 AM[22m [31m[1m[vite][22m[39m [31m[2m(client)[22m[39m [2m[console.error] [22mReact Router caught the following error during render RangeError: Invalid time value
    at format (http://localhost:5173/node_modules/.vite/deps/date-fns.js?v=31b4446e:5042:36)
    at http://localhost:5173/src/features/timeline/TimelinePage.tsx:89:18
    at basicStateReducer (http://localhost:5173/node_modules/.vite/deps/react-dom_client.js?v=31b4446e:4580:42)
    at updateReducerImpl (http://localhost:5173/node_modules/.vite/deps/react-dom_client.js?v=31b4446e:4657:46)
    at updateReducer (http://localhost:5173/node_modules/.vite/deps/react-dom_client.js?v=31b4446e:4608:11)
    at Object.useState (http://localhost:5173/node_modules/.vite/deps/react-dom_client.js?v=31b4446e:14576:13)
    at exports.useState (http://localhost:5173/node_modules/.vite/deps/react.js?v=31b4446e:769:31)
    at TimelinePage (http://localhost:5173/src/features/timeline/TimelinePage.tsx:35:42)
    at Object.react_stack_bottom_frame (http://localhost:5173/node_modules/.vite/deps/react-dom_client.js?v=31b4446e:14142:12)
    at renderWithHooks (http://localhost:5173/node_modules/.vite/deps/react-dom_client.js?v=31b4446e:4400:19)
[2m5:47:43 AM[22m [36m[1m[vite][22m[39m [90m[2m(client)[22m[39m [32mpage reload [39m[2msrc/app/router.tsx[22m
[2m5:47:48 AM[22m [31m[1m[vite][22m[39m [31m[2m(client)[22m[39m [2m[console.error] [22mError handled by React Router default ErrorBoundary: RangeError: Invalid time value
    at format (http://localhost:5173/node_modules/.vite/deps/date-fns.js?v=31b4446e:5042:36)
    at http://localhost:5173/src/features/timeline/TimelinePage.tsx:88:20
    at basicStateReducer (http://localhost:5173/node_modules/.vite/deps/react-dom_client.js?v=31b4446e:4580:42)
    at updateReducerImpl (http://localhost:5173/node_modules/.vite/deps/react-dom_client.js?v=31b4446e:4657:46)
    at updateReducer (http://localhost:5173/node_modules/.vite/deps/react-dom_client.js?v=31b4446e:4608:11)
    at Object.useState (http://localhost:5173/node_modules/.vite/deps/react-dom_client.js?v=31b4446e:14576:13)
    at exports.useState (http://localhost:5173/node_modules/.vite/deps/react.js?v=31b4446e:769:31)
    at TimelinePage (http://localhost:5173/src/features/timeline/TimelinePage.tsx:35:42)
    at Object.react_stack_bottom_frame (http://localhost:5173/node_modules/.vite/deps/react-dom_client.js?v=31b4446e:14142:12)
    at renderWithHooks (http://localhost:5173/node_modules/.vite/deps/react-dom_client.js?v=31b4446e:4400:19)
[2m5:47:48 AM[22m [31m[1m[vite][22m[39m [31m[2m(client)[22m[39m [2m[console.error] [22mError handled by React Router default ErrorBoundary: RangeError: Invalid time value
    at format (http://localhost:5173/node_modules/.vite/deps/date-fns.js?v=31b4446e:5042:36)
    at http://localhost:5173/src/features/timeline/TimelinePage.tsx:88:20
    at basicStateReducer (http://localhost:5173/node_modules/.vite/deps/react-dom_client.js?v=31b4446e:4580:42)
    at updateReducerImpl (http://localhost:5173/node_modules/.vite/deps/react-dom_client.js?v=31b4446e:4657:46)
    at updateReducer (http://localhost:5173/node_modules/.vite/deps/react-dom_client.js?v=31b4446e:4608:11)
    at Object.useState (http://localhost:5173/node_modules/.vite/deps/react-dom_client.js?v=31b4446e:14576:13)
    at exports.useState (http://localhost:5173/node_modules/.vite/deps/react.js?v=31b4446e:769:31)
    at TimelinePage (http://localhost:5173/src/features/timeline/TimelinePage.tsx:35:42)
    at Object.react_stack_bottom_frame (http://localhost:5173/node_modules/.vite/deps/react-dom_client.js?v=31b4446e:14142:12)
    at renderWithHooks (http://localhost:5173/node_modules/.vite/deps/react-dom_client.js?v=31b4446e:4400:19)
[2m5:47:48 AM[22m [31m[1m[vite][22m[39m [31m[2m(client)[22m[39m [2m[console.error] [22mError handled by React Router default ErrorBoundary: RangeError: Invalid time value
    at format (http://localhost:5173/node_modules/.vite/deps/date-fns.js?v=31b4446e:5042:36)
    at http://localhost:5173/src/features/timeline/TimelinePage.tsx:88:20
    at basicStateReducer (http://localhost:5173/node_modules/.vite/deps/react-dom_client.js?v=31b4446e:4580:42)
    at updateReducerImpl (http://localhost:5173/node_modules/.vite/deps/react-dom_client.js?v=31b4446e:4657:46)
    at updateReducer (http://localhost:5173/node_modules/.vite/deps/react-dom_client.js?v=31b4446e:4608:11)
    at Object.useState (http://localhost:5173/node_modules/.vite/deps/react-dom_client.js?v=31b4446e:14576:13)
    at exports.useState (http://localhost:5173/node_modules/.vite/deps/react.js?v=31b4446e:769:31)
    at TimelinePage (http://localhost:5173/src/features/timeline/TimelinePage.tsx:35:42)
    at Object.react_stack_bottom_frame (http://localhost:5173/node_modules/.vite/deps/react-dom_client.js?v=31b4446e:14142:12)
    at renderWithHooks (http://localhost:5173/node_modules/.vite/deps/react-dom_client.js?v=31b4446e:4400:19)
[2m5:47:48 AM[22m [31m[1m[vite][22m[39m [31m[2m(client)[22m[39m [2m[console.error] [22mError handled by React Router default ErrorBoundary: RangeError: Invalid time value
    at format (http://localhost:5173/node_modules/.vite/deps/date-fns.js?v=31b4446e:5042:36)
    at http://localhost:5173/src/features/timeline/TimelinePage.tsx:88:20
    at basicStateReducer (http://localhost:5173/node_modules/.vite/deps/react-dom_client.js?v=31b4446e:4580:42)
    at updateReducerImpl (http://localhost:5173/node_modules/.vite/deps/react-dom_client.js?v=31b4446e:4657:46)
    at updateReducer (http://localhost:5173/node_modules/.vite/deps/react-dom_client.js?v=31b4446e:4608:11)
    at Object.useState (http://localhost:5173/node_modules/.vite/deps/react-dom_client.js?v=31b4446e:14576:13)
    at exports.useState (http://localhost:5173/node_modules/.vite/deps/react.js?v=31b4446e:769:31)
    at TimelinePage (http://localhost:5173/src/features/timeline/TimelinePage.tsx:35:42)
    at Object.react_stack_bottom_frame (http://localhost:5173/node_modules/.vite/deps/react-dom_client.js?v=31b4446e:14142:12)
    at renderWithHooks (http://localhost:5173/node_modules/.vite/deps/react-dom_client.js?v=31b4446e:4400:19)
[2m5:47:48 AM[22m [31m[1m[vite][22m[39m [31m[2m(client)[22m[39m [2m[console.error] [22mRangeError: Invalid time value
    at format (http://localhost:5173/node_modules/.vite/deps/date-fns.js?v=31b4446e:5042:36)
    at http://localhost:5173/src/features/timeline/TimelinePage.tsx:88:20
    at basicStateReducer (http://localhost:5173/node_modules/.vite/deps/react-dom_client.js?v=31b4446e:4580:42)
    at updateReducerImpl (http://localhost:5173/node_modules/.vite/deps/react-dom_client.js?v=31b4446e:4657:46)
    at updateReducer (http://localhost:5173/node_modules/.vite/deps/react-dom_client.js?v=31b4446e:4608:11)
    at Object.useState (http://localhost:5173/node_modules/.vite/deps/react-dom_client.js?v=31b4446e:14576:13)
    at exports.useState (http://localhost:5173/node_modules/.vite/deps/react.js?v=31b4446e:769:31)
    at TimelinePage (http://localhost:5173/src/features/timeline/TimelinePage.tsx:35:42)
    at Object.react_stack_bottom_frame (http://localhost:5173/node_modules/.vite/deps/react-dom_client.js?v=31b4446e:14142:12)
    at renderWithHooks (http://localhost:5173/node_modules/.vite/deps/react-dom_client.js?v=31b4446e:4400:19)

The above error occurred in the <TimelinePage> component.

React will try to recreate this component tree from scratch using the error boundary you provided, RenderErrorBoundary.

[2m5:47:48 AM[22m [31m[1m[vite][22m[39m [31m[2m(client)[22m[39m [2m[console.error] [22mReact Router caught the following error during render RangeError: Invalid time value
    at format (http://localhost:5173/node_modules/.vite/deps/date-fns.js?v=31b4446e:5042:36)
    at http://localhost:5173/src/features/timeline/TimelinePage.tsx:88:20
    at basicStateReducer (http://localhost:5173/node_modules/.vite/deps/react-dom_client.js?v=31b4446e:4580:42)
    at updateReducerImpl (http://localhost:5173/node_modules/.vite/deps/react-dom_client.js?v=31b4446e:4657:46)
    at updateReducer (http://localhost:5173/node_modules/.vite/deps/react-dom_client.js?v=31b4446e:4608:11)
    at Object.useState (http://localhost:5173/node_modules/.vite/deps/react-dom_client.js?v=31b4446e:14576:13)
    at exports.useState (http://localhost:5173/node_modules/.vite/deps/react.js?v=31b4446e:769:31)
    at TimelinePage (http://localhost:5173/src/features/timeline/TimelinePage.tsx:35:42)
    at Object.react_stack_bottom_frame (http://localhost:5173/node_modules/.vite/deps/react-dom_client.js?v=31b4446e:14142:12)
    at renderWithHooks (http://localhost:5173/node_modules/.vite/deps/react-dom_client.js?v=31b4446e:4400:19)
[2m5:48:23 AM[22m [36m[1m[vite][22m[39m [90m[2m(client)[22m[39m [32mpage reload [39m[2msrc/app/router.tsx[22m
[2m5:48:30 AM[22m [36m[1m[vite][22m[39m [90m[2m(client)[22m[39m [32mpage reload [39m[2msrc/app/router.tsx[22m
[2m7:23:44 AM[22m [31m[1m[vite][22m[39m [31m[2m(client)[22m[39m [2m[console.error] [22m`NaN` is an invalid value for the `width` css style property.
[2m7:23:44 AM[22m [31m[1m[vite][22m[39m [31m[2m(client)[22m[39m [2m[console.error] [22mError handled by React Router default ErrorBoundary: RangeError: Invalid time value
    at format (http://localhost:5173/node_modules/.vite/deps/date-fns.js?v=31b4446e:5042:36)
    at http://localhost:5173/src/features/timeline/TimelinePage.tsx:89:18
    at basicStateReducer (http://localhost:5173/node_modules/.vite/deps/react-dom_client.js?v=31b4446e:4580:42)
    at updateReducerImpl (http://localhost:5173/node_modules/.vite/deps/react-dom_client.js?v=31b4446e:4657:46)
    at updateReducer (http://localhost:5173/node_modules/.vite/deps/react-dom_client.js?v=31b4446e:4608:11)
    at Object.useState (http://localhost:5173/node_modules/.vite/deps/react-dom_client.js?v=31b4446e:14576:13)
    at exports.useState (http://localhost:5173/node_modules/.vite/deps/react.js?v=31b4446e:769:31)
    at TimelinePage (http://localhost:5173/src/features/timeline/TimelinePage.tsx:35:42)
    at Object.react_stack_bottom_frame (http://localhost:5173/node_modules/.vite/deps/react-dom_client.js?v=31b4446e:14142:12)
    at renderWithHooks (http://localhost:5173/node_modules/.vite/deps/react-dom_client.js?v=31b4446e:4400:19)
[2m7:23:44 AM[22m [31m[1m[vite][22m[39m [31m[2m(client)[22m[39m [2m[console.error] [22mError handled by React Router default ErrorBoundary: RangeError: Invalid time value
    at format (http://localhost:5173/node_modules/.vite/deps/date-fns.js?v=31b4446e:5042:36)
    at http://localhost:5173/src/features/timeline/TimelinePage.tsx:89:18
    at basicStateReducer (http://localhost:5173/node_modules/.vite/deps/react-dom_client.js?v=31b4446e:4580:42)
    at updateReducerImpl (http://localhost:5173/node_modules/.vite/deps/react-dom_client.js?v=31b4446e:4657:46)
    at updateReducer (http://localhost:5173/node_modules/.vite/deps/react-dom_client.js?v=31b4446e:4608:11)
    at Object.useState (http://localhost:5173/node_modules/.vite/deps/react-dom_client.js?v=31b4446e:14576:13)
    at exports.useState (http://localhost:5173/node_modules/.vite/deps/react.js?v=31b4446e:769:31)
    at TimelinePage (http://localhost:5173/src/features/timeline/TimelinePage.tsx:35:42)
    at Object.react_stack_bottom_frame (http://localhost:5173/node_modules/.vite/deps/react-dom_client.js?v=31b4446e:14142:12)
    at renderWithHooks (http://localhost:5173/node_modules/.vite/deps/react-dom_client.js?v=31b4446e:4400:19)
[2m7:23:44 AM[22m [31m[1m[vite][22m[39m [31m[2m(client)[22m[39m [2m[console.error] [22mError handled by React Router default ErrorBoundary: RangeError: Invalid time value
    at format (http://localhost:5173/node_modules/.vite/deps/date-fns.js?v=31b4446e:5042:36)
    at http://localhost:5173/src/features/timeline/TimelinePage.tsx:89:18
    at basicStateReducer (http://localhost:5173/node_modules/.vite/deps/react-dom_client.js?v=31b4446e:4580:42)
    at updateReducerImpl (http://localhost:5173/node_modules/.vite/deps/react-dom_client.js?v=31b4446e:4657:46)
    at updateReducer (http://localhost:5173/node_modules/.vite/deps/react-dom_client.js?v=31b4446e:4608:11)
    at Object.useState (http://localhost:5173/node_modules/.vite/deps/react-dom_client.js?v=31b4446e:14576:13)
    at exports.useState (http://localhost:5173/node_modules/.vite/deps/react.js?v=31b4446e:769:31)
    at TimelinePage (http://localhost:5173/src/features/timeline/TimelinePage.tsx:35:42)
    at Object.react_stack_bottom_frame (http://localhost:5173/node_modules/.vite/deps/react-dom_client.js?v=31b4446e:14142:12)
    at renderWithHooks (http://localhost:5173/node_modules/.vite/deps/react-dom_client.js?v=31b4446e:4400:19)
[2m7:23:44 AM[22m [31m[1m[vite][22m[39m [31m[2m(client)[22m[39m [2m[console.error] [22mError handled by React Router default ErrorBoundary: RangeError: Invalid time value
    at format (http://localhost:5173/node_modules/.vite/deps/date-fns.js?v=31b4446e:5042:36)
    at http://localhost:5173/src/features/timeline/TimelinePage.tsx:89:18
    at basicStateReducer (http://localhost:5173/node_modules/.vite/deps/react-dom_client.js?v=31b4446e:4580:42)
    at updateReducerImpl (http://localhost:5173/node_modules/.vite/deps/react-dom_client.js?v=31b4446e:4657:46)
    at updateReducer (http://localhost:5173/node_modules/.vite/deps/react-dom_client.js?v=31b4446e:4608:11)
    at Object.useState (http://localhost:5173/node_modules/.vite/deps/react-dom_client.js?v=31b4446e:14576:13)
    at exports.useState (http://localhost:5173/node_modules/.vite/deps/react.js?v=31b4446e:769:31)
    at TimelinePage (http://localhost:5173/src/features/timeline/TimelinePage.tsx:35:42)
    at Object.react_stack_bottom_frame (http://localhost:5173/node_modules/.vite/deps/react-dom_client.js?v=31b4446e:14142:12)
    at renderWithHooks (http://localhost:5173/node_modules/.vite/deps/react-dom_client.js?v=31b4446e:4400:19)
[2m7:23:44 AM[22m [31m[1m[vite][22m[39m [31m[2m(client)[22m[39m [2m[console.error] [22mRangeError: Invalid time value
    at format (http://localhost:5173/node_modules/.vite/deps/date-fns.js?v=31b4446e:5042:36)
    at http://localhost:5173/src/features/timeline/TimelinePage.tsx:89:18
    at basicStateReducer (http://localhost:5173/node_modules/.vite/deps/react-dom_client.js?v=31b4446e:4580:42)
    at updateReducerImpl (http://localhost:5173/node_modules/.vite/deps/react-dom_client.js?v=31b4446e:4657:46)
    at updateReducer (http://localhost:5173/node_modules/.vite/deps/react-dom_client.js?v=31b4446e:4608:11)
    at Object.useState (http://localhost:5173/node_modules/.vite/deps/react-dom_client.js?v=31b4446e:14576:13)
    at exports.useState (http://localhost:5173/node_modules/.vite/deps/react.js?v=31b4446e:769:31)
    at TimelinePage (http://localhost:5173/src/features/timeline/TimelinePage.tsx:35:42)
    at Object.react_stack_bottom_frame (http://localhost:5173/node_modules/.vite/deps/react-dom_client.js?v=31b4446e:14142:12)
    at renderWithHooks (http://localhost:5173/node_modules/.vite/deps/react-dom_client.js?v=31b4446e:4400:19)

The above error occurred in the <TimelinePage> component.

React will try to recreate this component tree from scratch using the error boundary you provided, RenderErrorBoundary.

[2m7:23:44 AM[22m [31m[1m[vite][22m[39m [31m[2m(client)[22m[39m [2m[console.error] [22mReact Router caught the following error during render RangeError: Invalid time value
    at format (http://localhost:5173/node_modules/.vite/deps/date-fns.js?v=31b4446e:5042:36)
    at http://localhost:5173/src/features/timeline/TimelinePage.tsx:89:18
    at basicStateReducer (http://localhost:5173/node_modules/.vite/deps/react-dom_client.js?v=31b4446e:4580:42)
    at updateReducerImpl (http://localhost:5173/node_modules/.vite/deps/react-dom_client.js?v=31b4446e:4657:46)
    at updateReducer (http://localhost:5173/node_modules/.vite/deps/react-dom_client.js?v=31b4446e:4608:11)
    at Object.useState (http://localhost:5173/node_modules/.vite/deps/react-dom_client.js?v=31b4446e:14576:13)
    at exports.useState (http://localhost:5173/node_modules/.vite/deps/react.js?v=31b4446e:769:31)
    at TimelinePage (http://localhost:5173/src/features/timeline/TimelinePage.tsx:35:42)
    at Object.react_stack_bottom_frame (http://localhost:5173/node_modules/.vite/deps/react-dom_client.js?v=31b4446e:14142:12)
    at renderWithHooks (http://localhost:5173/node_modules/.vite/deps/react-dom_client.js?v=31b4446e:4400:19)
[2m7:53:25 AM[22m [36m[1m[vite][22m[39m [90m[2m(client)[22m[39m [32mpage reload [39m[2msrc/main.tsx[22m
[2m7:53:44 AM[22m [36m[1m[vite][22m[39m [90m[2m(client)[22m[39m [32mhmr update [39m[2m/src/app/AppShell.tsx[22m
[2m7:54:05 AM[22m [36m[1m[vite][22m[39m [90m[2m(client)[22m[39m [32mhmr update [39m[2m/src/features/auth/SignupPage.tsx, /src/features/profile/ProfilePage.tsx, /src/features/auth/LoginPage.tsx, /src/app/TopNav.tsx, /src/features/projects/ProjectSettingsPage.tsx, /src/features/projects/ProjectSummaryPage.tsx, /src/features/projects/ProjectsListPage.tsx, /src/features/projects/CreateProjectDialog.tsx, /src/features/issues/IssueView.tsx, /src/features/issues/CreateIssueModal.tsx, /src/features/issues/ActivityFeed.tsx, /src/features/issues/IssueDetailsPanel.tsx and 15 more[22m
[2m7:54:21 AM[22m [36m[1m[vite][22m[39m [90m[2m(client)[22m[39m [32mhmr update [39m[2m/src/features/board/KanbanBoard.tsx[22m
[2m7:54:33 AM[22m [36m[1m[vite][22m[39m [90m[2m(client)[22m[39m [32mhmr update [39m[2m/src/features/board/KanbanBoard.tsx[22m
[2m7:54:45 AM[22m [36m[1m[vite][22m[39m [90m[2m(client)[22m[39m [32mhmr update [39m[2m/src/features/board/KanbanBoard.tsx[22m
[2m7:55:04 AM[22m [36m[1m[vite][22m[39m [90m[2m(client)[22m[39m [32mhmr update [39m[2m/src/features/tables/IssueTable.tsx[22m
[2m7:55:19 AM[22m [36m[1m[vite][22m[39m [90m[2m(client)[22m[39m [32mhmr update [39m[2m/src/features/tables/IssueTable.tsx[22m
[2m7:55:36 AM[22m [36m[1m[vite][22m[39m [90m[2m(client)[22m[39m [32mhmr update [39m[2m/src/features/projects/ProjectsListPage.tsx[22m
[2m7:55:46 AM[22m [36m[1m[vite][22m[39m [90m[2m(client)[22m[39m [32mhmr update [39m[2m/src/features/projects/ProjectsListPage.tsx[22m
[2m7:56:05 AM[22m [36m[1m[vite][22m[39m [90m[2m(client)[22m[39m [32mhmr update [39m[2m/src/features/issues/IssueView.tsx[22m
[2m7:56:16 AM[22m [36m[1m[vite][22m[39m [90m[2m(client)[22m[39m [32mhmr update [39m[2m/src/features/issues/IssueView.tsx[22m
[2m8:32:44 AM[22m [36m[1m[vite][22m[39m [90m[2m(client)[22m[39m [32mhmr update [39m[2m/src/design-system/Dialog.tsx, /src/features/issues/IssueDetailModal.tsx[22m
[2m8:32:57 AM[22m [36m[1m[vite][22m[39m [90m[2m(client)[22m[39m [32mhmr update [39m[2m/src/features/search/QuickSearchModal.tsx[22m
[2m2:38:20 AM[22m [31m[1m[vite][22m[39m [31m[2m(client)[22m[39m [2m[console.error] [22m`NaN` is an invalid value for the `width` css style property.
[2m2:38:20 AM[22m [31m[1m[vite][22m[39m [31m[2m(client)[22m[39m [2m[console.error] [22mRangeError: Invalid time value
    at format (http://localhost:5173/node_modules/.vite/deps/date-fns.js?v=31b4446e:5042:36)
    at http://localhost:5173/src/features/timeline/TimelinePage.tsx:89:18
    at basicStateReducer (http://localhost:5173/node_modules/.vite/deps/react-dom_client.js?v=31b4446e:4580:42)
    at updateReducerImpl (http://localhost:5173/node_modules/.vite/deps/react-dom_client.js?v=31b4446e:4657:46)
    at updateReducer (http://localhost:5173/node_modules/.vite/deps/react-dom_client.js?v=31b4446e:4608:11)
    at Object.useState (http://localhost:5173/node_modules/.vite/deps/react-dom_client.js?v=31b4446e:14576:13)
    at exports.useState (http://localhost:5173/node_modules/.vite/deps/react.js?v=31b4446e:769:31)
    at TimelinePage (http://localhost:5173/src/features/timeline/TimelinePage.tsx:35:42)
    at Object.react_stack_bottom_frame (http://localhost:5173/node_modules/.vite/deps/react-dom_client.js?v=31b4446e:14142:12)
    at renderWithHooks (http://localhost:5173/node_modules/.vite/deps/react-dom_client.js?v=31b4446e:4400:19)

The above error occurred in the <TimelinePage> component.

React will try to recreate this component tree from scratch using the error boundary you provided, ErrorBoundary.

[2m2:38:20 AM[22m [31m[1m[vite][22m[39m [31m[2m(client)[22m[39m [2m[console.error] [22mUnhandled error in TrackFlow UI: RangeError: Invalid time value
    at format (http://localhost:5173/node_modules/.vite/deps/date-fns.js?v=31b4446e:5042:36)
    at http://localhost:5173/src/features/timeline/TimelinePage.tsx:89:18
    at basicStateReducer (http://localhost:5173/node_modules/.vite/deps/react-dom_client.js?v=31b4446e:4580:42)
    at updateReducerImpl (http://localhost:5173/node_modules/.vite/deps/react-dom_client.js?v=31b4446e:4657:46)
    at updateReducer (http://localhost:5173/node_modules/.vite/deps/react-dom_client.js?v=31b4446e:4608:11)
    at Object.useState (http://localhost:5173/node_modules/.vite/deps/react-dom_client.js?v=31b4446e:14576:13)
    at exports.useState (http://localhost:5173/node_modules/.vite/deps/react.js?v=31b4446e:769:31)
    at TimelinePage (http://localhost:5173/src/features/timeline/TimelinePage.tsx:35:42)
    at Object.react_stack_bottom_frame (http://localhost:5173/node_modules/.vite/deps/react-dom_client.js?v=31b4446e:14142:12)
    at renderWithHooks (http://localhost:5173/node_modules/.vite/deps/react-dom_client.js?v=31b4446e:4400:19) 
    at TimelinePage (http://localhost:5173/src/features/timeline/TimelinePage.tsx:25:22)
    at RenderedRoute (http://localhost:5173/node_modules/.vite/deps/react-router-dom.js?v=31b4446e:4204:26)
    at Outlet (http://localhost:5173/node_modules/.vite/deps/react-router-dom.js?v=31b4446e:4833:25)
    at div (<anonymous>)
    at div (<anonymous>)
    at ProjectLayout (http://localhost:5173/src/features/projects/ProjectLayout.tsx?t=1789559882981:11:18)
    at RenderedRoute (http://localhost:5173/node_modules/.vite/deps/react-router-dom.js?v=31b4446e:4204:26)
    at Outlet (http://localhost:5173/node_modules/.vite/deps/react-router-dom.js?v=31b4446e:4833:25)
    at ErrorBoundary (http://localhost:5173/src/app/ErrorBoundary.tsx?t=1789572764514:7:8)
    at div (<anonymous>)
    at div (<anonymous>)
    at div (<anonymous>)
    at AppShell (http://localhost:5173/src/app/AppShell.tsx?t=1789572777462:16:34)
    at RenderedRoute (http://localhost:5173/node_modules/.vite/deps/react-router-dom.js?v=31b4446e:4204:26)
    at Outlet (http://localhost:5173/node_modules/.vite/deps/react-router-dom.js?v=31b4446e:4833:25)
    at ProtectedRoute (http://localhost:5173/src/app/ProtectedRoute.tsx:8:22)
    at RenderedRoute (http://localhost:5173/node_modules/.vite/deps/react-router-dom.js?v=31b4446e:4204:26)
    at RenderErrorBoundary (http://localhost:5173/node_modules/.vite/deps/react-router-dom.js?v=31b4446e:4135:3)
    at DataRoutes2 (http://localhost:5173/node_modules/.vite/deps/react-router-dom.js?v=31b4446e:4772:24)
    at Router (http://localhost:5173/node_modules/.vite/deps/react-router-dom.js?v=31b4446e:4838:29)
    at RouterProvider (http://localhost:5173/node_modules/.vite/deps/react-router-dom.js?v=31b4446e:4581:27)
    at RouterProvider2 (<anonymous>)
    at QueryClientProvider (http://localhost:5173/node_modules/.vite/deps/modern-D8gohk80.js?v=31b4446e:44:30)
    at QueryProvider (http://localhost:5173/src/app/QueryProvider.tsx:10:33)
    at ErrorBoundary (http://localhost:5173/src/app/ErrorBoundary.tsx?t=1789572764514:7:8)
[2m3:11:21 AM[22m [31m[1m[vite][22m[39m [31mhttp proxy error: /api/notifications/[39m
Error: connect ECONNREFUSED 127.0.0.1:8000
    at TCPConnectWrap.afterConnect [as oncomplete] (node:net:2017:16)
[2m3:11:21 AM[22m [31m[1m[vite][22m[39m [31mhttp proxy error: /api/notifications/unread-count/[39m
Error: connect ECONNREFUSED 127.0.0.1:8000
    at TCPConnectWrap.afterConnect [as oncomplete] (node:net:2017:16)
[2m3:11:22 AM[22m [31m[1m[vite][22m[39m [31mhttp proxy error: /api/notifications/[39m
Error: connect ECONNREFUSED 127.0.0.1:8000
    at TCPConnectWrap.afterConnect [as oncomplete] (node:net:2017:16)
[2m3:11:22 AM[22m [31m[1m[vite][22m[39m [31mhttp proxy error: /api/notifications/unread-count/[39m
Error: connect ECONNREFUSED 127.0.0.1:8000
    at TCPConnectWrap.afterConnect [as oncomplete] (node:net:2017:16)
[2m3:11:24 AM[22m [31m[1m[vite][22m[39m [31mhttp proxy error: /api/issues/?assignee=1&no_parent=true&exclude_type=Epic&page_size=300&ordering=rank[39m
Error: connect ECONNREFUSED 127.0.0.1:8000
    at TCPConnectWrap.afterConnect [as oncomplete] (node:net:2017:16)
[2m3:11:25 AM[22m [31m[1m[vite][22m[39m [31mhttp proxy error: /api/issues/?assignee=1&no_parent=true&exclude_type=Epic&page_size=300&ordering=rank[39m
Error: connect ECONNREFUSED 127.0.0.1:8000
    at TCPConnectWrap.afterConnect [as oncomplete] (node:net:2017:16)
[2m3:20:38 AM[22m [31m[1m[vite][22m[39m [31mhttp proxy error: /api/notifications/[39m
Error: connect ECONNREFUSED 127.0.0.1:8000
    at TCPConnectWrap.afterConnect [as oncomplete] (node:net:2017:16)
[2m3:20:38 AM[22m [31m[1m[vite][22m[39m [31mhttp proxy error: /api/notifications/unread-count/[39m
Error: connect ECONNREFUSED 127.0.0.1:8000
    at TCPConnectWrap.afterConnect [as oncomplete] (node:net:2017:16)
[2m5:49:43 AM[22m [36m[1m[vite][22m[39m [32mvite.config.ts changed, restarting server...[39m
[2m5:49:47 AM[22m [36m[1m[vite][22m[39m server restarted.
[2m5:54:45 AM[22m [36m[1m[vite][22m[39m [90m[2m(client)[22m[39m [32mhmr update [39m[2m/src/app/GlobalSidebar.tsx[22m
[2m5:54:53 AM[22m [36m[1m[vite][22m[39m [90m[2m(client)[22m[39m [32mpage reload [39m[2msrc/app/router.tsx[22m
[2m5:54:58 AM[22m [36m[1m[vite][22m[39m [90m[2m(client)[22m[39m [32mpage reload [39m[2msrc/app/router.tsx[22m
[2m6:05:22 AM[22m [31m[1m[vite][22m[39m [31mws proxy error:[39m
Error: read ECONNRESET
    at TCP.onStreamRead (node:internal/stream_base_commons:216:20)
[2m6:11:25 AM[22m [36m[1m[vite][22m[39m [90m[2m(client)[22m[39m [32mhmr update [39m[2m/src/features/chat/ChatPage.tsx, /src/features/chat/MessageThread.tsx, /src/features/chat/ChannelList.tsx, /src/features/chat/MessageBubble.tsx, /src/features/chat/MessageComposer.tsx, /src/features/chat/CreateChannelDialog.tsx, /src/features/chat/LinkTaskToMessageDialog.tsx, /src/features/chat/CreateTaskFromMessageDialog.tsx[22m
[2m6:11:45 AM[22m [36m[1m[vite][22m[39m [90m[2m(client)[22m[39m [32mhmr update [39m[2m/src/features/chat/MessageComposer.tsx[22m
[2m6:11:55 AM[22m [36m[1m[vite][22m[39m [90m[2m(client)[22m[39m [32mhmr update [39m[2m/src/features/chat/MessageBubble.tsx[22m
[2m6:12:04 AM[22m [36m[1m[vite][22m[39m [90m[2m(client)[22m[39m [32mhmr update [39m[2m/src/features/chat/MessageBubble.tsx[22m
[2m6:12:14 AM[22m [36m[1m[vite][22m[39m [90m[2m(client)[22m[39m [32mhmr update [39m[2m/src/features/chat/MessageThread.tsx[22m
[2m6:12:46 AM[22m [36m[1m[vite][22m[39m [90m[2m(client)[22m[39m [32mhmr update [39m[2m/src/features/board/MyWorkPage.tsx, /src/features/projects/ProjectIssuesPage.tsx, /src/features/people/UserWorkloadPage.tsx, /src/features/backlog/BacklogPage.tsx, /src/features/board/EpicBoardPage.tsx, /src/features/board/ProjectBoardPage.tsx, /src/features/timeline/TimelinePage.tsx, /src/features/dashboard/DashboardHomePage.tsx, /src/features/teams/TeamIssuesTab.tsx, /src/features/teams/TeamBoard.tsx, /src/features/issues/IssueView.tsx, /src/features/tables/IssueTable.tsx and 5 more[22m
[2m6:12:57 AM[22m [36m[1m[vite][22m[39m [90m[2m(client)[22m[39m [32mhmr update [39m[2m/src/features/board/MyWorkPage.tsx, /src/features/projects/ProjectIssuesPage.tsx, /src/features/people/UserWorkloadPage.tsx, /src/features/backlog/BacklogPage.tsx, /src/features/board/EpicBoardPage.tsx, /src/features/board/ProjectBoardPage.tsx, /src/features/timeline/TimelinePage.tsx, /src/features/dashboard/DashboardHomePage.tsx, /src/features/teams/TeamIssuesTab.tsx, /src/features/teams/TeamBoard.tsx, /src/features/issues/IssueView.tsx, /src/features/tables/IssueTable.tsx and 5 more[22m
[2m6:13:07 AM[22m [36m[1m[vite][22m[39m [90m[2m(client)[22m[39m [32mhmr update [39m[2m/src/features/chat/ChatPage.tsx[22m
[2m6:13:14 AM[22m [36m[1m[vite][22m[39m [90m[2m(client)[22m[39m [32mhmr update [39m[2m/src/features/chat/ChatPage.tsx[22m
[2m6:13:35 AM[22m [36m[1m[vite][22m[39m [90m[2m(client)[22m[39m [32mhmr update [39m[2m/src/features/issues/ActivityFeed.tsx[22m
[2m6:35:46 AM[22m [36m[1m[vite][22m[39m [90m[2m(client)[22m[39m [32mhmr update [39m[2m/src/app/TopNav.tsx[22m
[2m6:35:50 AM[22m [36m[1m[vite][22m[39m [90m[2m(client)[22m[39m [32mhmr update [39m[2m/src/app/TopNav.tsx[22m
[2m6:36:12 AM[22m [36m[1m[vite][22m[39m [90m[2m(client)[22m[39m [32mhmr update [39m[2m/src/features/issues/IssueView.tsx[22m
[2m6:36:30 AM[22m [36m[1m[vite][22m[39m [90m[2m(client)[22m[39m [32mhmr update [39m[2m/src/features/issues/IssueView.tsx[22m
[2m6:36:43 AM[22m [36m[1m[vite][22m[39m [90m[2m(client)[22m[39m [32mhmr update [39m[2m/src/features/board/KanbanBoard.tsx, /src/features/board/BoardCard.tsx[22m
[2m6:36:54 AM[22m [36m[1m[vite][22m[39m [90m[2m(client)[22m[39m [32mhmr update [39m[2m/src/features/board/BoardCard.tsx[22m
[2m6:37:19 AM[22m [36m[1m[vite][22m[39m [90m[2m(client)[22m[39m [32mhmr update [39m[2m/src/features/tables/IssueTable.tsx[22m
[2m6:37:29 AM[22m [36m[1m[vite][22m[39m [90m[2m(client)[22m[39m [32mhmr update [39m[2m/src/features/tables/IssueTable.tsx[22m
[2m6:37:35 AM[22m [36m[1m[vite][22m[39m [90m[2m(client)[22m[39m [32mhmr update [39m[2m/src/features/tables/IssueTable.tsx[22m
[2m7:46:55 AM[22m [36m[1m[vite][22m[39m [90m[2m(client)[22m[39m [32mpage reload [39m[2msrc/app/router.tsx[22m
[2m7:47:01 AM[22m [36m[1m[vite][22m[39m [90m[2m(client)[22m[39m [32mpage reload [39m[2msrc/app/router.tsx[22m
[2m7:51:27 AM[22m [36m[1m[vite][22m[39m [90m[2m(client)[22m[39m [32mpage reload [39m[2msrc/app/router.tsx[22m
[2m7:51:34 AM[22m [36m[1m[vite][22m[39m [90m[2m(client)[22m[39m [32mpage reload [39m[2msrc/app/router.tsx[22m
[2m7:51:43 AM[22m [36m[1m[vite][22m[39m [90m[2m(client)[22m[39m [32mhmr update [39m[2m/src/features/timesheets/TimesheetGridPage.tsx[22m
[2m7:52:17 AM[22m [36m[1m[vite][22m[39m [90m[2m(client)[22m[39m [32mhmr update [39m[2m/src/features/timesheets/TimesheetGridPage.tsx[22m
[2m7:52:27 AM[22m [36m[1m[vite][22m[39m [90m[2m(client)[22m[39m [32mhmr update [39m[2m/src/features/timesheets/TimesheetApprovalInboxPage.tsx[22m
[2m7:52:35 AM[22m [36m[1m[vite][22m[39m [90m[2m(client)[22m[39m [32mhmr update [39m[2m/src/features/timesheets/TimesheetApprovalInboxPage.tsx[22m
[2m7:53:49 AM[22m [36m[1m[vite][22m[39m [90m[2m(client)[22m[39m [32mhmr update [39m[2m/src/features/teams/TeamIssuesTab.tsx[22m
[2m7:57:10 AM[22m [36m[1m[vite][22m[39m [90m[2m(client)[22m[39m [32mhmr update [39m[2m/src/features/teams/TeamIssuesTab.tsx[22m
[2m7:57:17 AM[22m [36m[1m[vite][22m[39m [90m[2m(client)[22m[39m [32mhmr update [39m[2m/src/features/teams/TeamIssuesTab.tsx[22m
[2m7:57:25 AM[22m [36m[1m[vite][22m[39m [90m[2m(client)[22m[39m [32mhmr update [39m[2m/src/features/teams/TeamIssuesTab.tsx[22m
[2m7:58:42 AM[22m [36m[1m[vite][22m[39m [90m[2m(client)[22m[39m [32mhmr update [39m[2m/src/features/projects/ProjectSummaryPage.tsx[22m
[2m7:59:28 AM[22m [36m[1m[vite][22m[39m [90m[2m(client)[22m[39m [32mhmr update [39m[2m/src/features/people/UserWorkloadPage.tsx[22m
[2m8:01:53 AM[22m [36m[1m[vite][22m[39m [90m[2m(client)[22m[39m [32mhmr update [39m[2m/src/app/GlobalTimerWidget.tsx, /src/features/timesheets/TimerButton.tsx, /src/features/board/BoardCard.tsx, /src/features/tables/IssueTable.tsx, /src/features/timesheets/TimesheetGridPage.tsx, /src/features/timesheets/LogTimeModal.tsx, /src/features/timesheets/TimesheetApprovalInboxPage.tsx, /src/features/teams/TeamIssuesTab.tsx, /src/features/projects/ProjectSummaryPage.tsx, /src/features/people/UserWorkloadPage.tsx[22m
[2m8:02:32 AM[22m [36m[1m[vite][22m[39m [90m[2m(client)[22m[39m [32mpage reload [39m[2msrc/app/router.tsx[22m
[2m8:02:36 AM[22m [36m[1m[vite][22m[39m [90m[2m(client)[22m[39m [32mpage reload [39m[2msrc/app/router.tsx[22m
[2m8:02:41 AM[22m [36m[1m[vite][22m[39m [90m[2m(client)[22m[39m [32mhmr update [39m[2m/src/features/timesheets/TimesheetGridPage.tsx[22m
[2m8:02:46 AM[22m [36m[1m[vite][22m[39m [90m[2m(client)[22m[39m [32mhmr update [39m[2m/src/features/timesheets/TimesheetGridPage.tsx[22m
[2m8:04:08 AM[22m [36m[1m[vite][22m[39m [90m[2m(client)[22m[39m [32mhmr update [39m[2m/src/features/chat/ChannelList.tsx[22m
[2m8:04:13 AM[22m [36m[1m[vite][22m[39m [90m[2m(client)[22m[39m [32mhmr update [39m[2m/src/features/chat/ChannelList.tsx[22m
[2m8:04:30 AM[22m [36m[1m[vite][22m[39m [90m[2m(client)[22m[39m [32mhmr update [39m[2m/src/features/timesheets/TimesheetApprovalInboxPage.tsx[22m
[2m8:04:35 AM[22m [36m[1m[vite][22m[39m [90m[2m(client)[22m[39m [32mhmr update [39m[2m/src/features/timesheets/TimesheetApprovalInboxPage.tsx[22m
[2m8:04:40 AM[22m [36m[1m[vite][22m[39m [90m[2m(client)[22m[39m [32mhmr update [39m[2m/src/features/timesheets/TimeReportsPage.tsx[22m
[2m8:04:45 AM[22m [36m[1m[vite][22m[39m [90m[2m(client)[22m[39m [32mhmr update [39m[2m/src/features/timesheets/TimeReportsPage.tsx[22m
[2m8:04:49 AM[22m [36m[1m[vite][22m[39m [90m[2m(client)[22m[39m [32mhmr update [39m[2m/src/features/timesheets/TimesheetGridPage.tsx[22m
[2m8:04:54 AM[22m [36m[1m[vite][22m[39m [90m[2m(client)[22m[39m [32mhmr update [39m[2m/src/features/timesheets/TimesheetGridPage.tsx[22m
[2m8:04:59 AM[22m [36m[1m[vite][22m[39m [90m[2m(client)[22m[39m [32mhmr update [39m[2m/src/features/timesheets/TimesheetGridPage.tsx[22m
[2m8:11:55 AM[22m [36m[1m[vite][22m[39m [90m[2m(client)[22m[39m [32mhmr update [39m[2m/src/app/GlobalTimerWidget.tsx, /src/features/timesheets/TimerButton.tsx, /src/features/board/BoardCard.tsx, /src/features/tables/IssueTable.tsx, /src/features/timesheets/TimesheetGridPage.tsx, /src/features/timesheets/LogTimeModal.tsx, /src/features/timesheets/TimesheetApprovalInboxPage.tsx, /src/features/teams/TeamIssuesTab.tsx, /src/features/projects/ProjectSummaryPage.tsx, /src/features/people/UserWorkloadPage.tsx, /src/features/timesheets/TimeReportsPage.tsx[22m
[2m8:12:17 AM[22m [36m[1m[vite][22m[39m [90m[2m(client)[22m[39m [32mhmr update [39m[2m/src/features/teams/TeamIssuesTab.tsx[22m
[2m8:12:23 AM[22m [36m[1m[vite][22m[39m [90m[2m(client)[22m[39m [32mhmr update [39m[2m/src/features/teams/TeamIssuesTab.tsx[22m
[2m8:12:55 AM[22m [36m[1m[vite][22m[39m [90m[2m(client)[22m[39m [32mhmr update [39m[2m/src/features/teams/TeamIssuesTab.tsx[22m
[2m8:39:53 AM[22m [36m[1m[vite][22m[39m [90m[2m(client)[22m[39m [32mhmr update [39m[2m/src/features/chat/MessageThread.tsx[22m
[2m8:40:06 AM[22m [36m[1m[vite][22m[39m [90m[2m(client)[22m[39m [32mhmr update [39m[2m/src/features/chat/MessageThread.tsx[22m
[2m8:40:20 AM[22m [36m[1m[vite][22m[39m [90m[2m(client)[22m[39m [32mhmr update [39m[2m/src/features/chat/MessageThread.tsx[22m
[2m8:40:26 AM[22m [36m[1m[vite][22m[39m [90m[2m(client)[22m[39m [32mhmr update [39m[2m/src/features/chat/MessageThread.tsx[22m
[2m8:40:37 AM[22m [36m[1m[vite][22m[39m [90m[2m(client)[22m[39m [32mhmr update [39m[2m/src/features/chat/MessageThread.tsx[22m
